Microchip MPLAB XC8 Compiler V2.32

Linker command line:

-W-3 --edf=C:\Program Files\Microchip\xc8\v2.32\pic\dat\en_msgs.txt -cn \
  -h+dist/default/production\mini-proj-xuexianlim.X.production.sym \
  --cmf=dist/default/production\mini-proj-xuexianlim.X.production.cmf -z \
  -Q18F67K40 -oC:\Users\LIMXUE~1\AppData\Local\Temp\xcAs1s08.4 \
  --defsym=__MPLAB_BUILD=1 \
  -Mdist/default/production/mini-proj-xuexianlim.X.production.map -E1 \
  -ver=XC8 Compiler --acfsm=1493 -ASTACK=060h-0DE9h -pstack=STACK \
  -ACODE=00h-01FFFFh -ACONST=00h-01FFFFh -ASMALLCONST=0E00h-0EFFhx498 \
  -AMEDIUMCONST=0E00h-0FFFFh,010E00h-01FFFFh -ACOMRAM=01h-05Fh \
  -AABS1=00h-0DE9h -ABIGRAM=01h-0DE9h \
  -ARAM=060h-0FFh,0100h-01FFhx12,0D00h-0DE9h -ABANK0=060h-0FFh \
  -ABANK1=0100h-01FFh -ABANK2=0200h-02FFh -ABANK3=0300h-03FFh \
  -ABANK4=0400h-04FFh -ABANK5=0500h-05FFh -ABANK6=0600h-06FFh \
  -ABANK7=0700h-07FFh -ABANK8=0800h-08FFh -ABANK9=0900h-09FFh \
  -ABANK10=0A00h-0AFFh -ABANK11=0B00h-0BFFh -ABANK12=0C00h-0CFFh \
  -ABANK13=0D00h-0DE9h \
  -ASFR=0DEFh-0DFFh,0E00h-0EFFh,0F00h-0F5Fh,0F60h-0FFFh \
  -ACONFIG=0300000h-030000Bh -AIDLOC=0200000h-020000Fh \
  -AEEDATA=0310000h-03103FFh -peeprom_data=EEDATA \
  -preset_vec=00h,intcode=08h,intcodelo,powerup,init -pramtop=0E00h \
  -psmallconst=SMALLCONST -pmediumconst=MEDIUMCONST -pconst=CONST \
  -AFARRAM=00h-00h \
  -prdata=COMRAM,nvrram=COMRAM,nvbit=COMRAM,rbss=COMRAM,rbit=COMRAM \
  -pfarbss=FARRAM,fardata=FARRAM,nvFARRAM=FARRAM \
  -pintsave_regs=BIGRAM,bigbss=BIGRAM,bigdata=BIGRAM -pbss=RAM \
  -pidata=CODE,irdata=CODE,ibigdata=CODE,ifardata=CODE -prparam=COMRAM \
  C:\Users\LIMXUE~1\AppData\Local\Temp\xcAs1s08.o \
  dist/default/production\mini-proj-xuexianlim.X.production.o 

Object code version is 3.11

Machine type is 18F67K40



                Name                               Link     Load   Length Selector   Space Scale
C:\Users\LIMXUE~1\AppData\Local\Temp\xcAs1s08.o
                idloc                            200000   200000       10        0       5
                config                           300000   300000        C        0       4
                init                                 5A       5A        4        4       0
                reset_vec                             0        0        4        0       0
dist/default/production\mini-proj-xuexianlim.X.production.o
                intcode                               8        8       52        4       0
                idloc                            200000   200000       10        0       5
                config                           300000   300000        C        0       4
                temp                                 4F       4F        1        1       1
                text16                             10DE     10DE       14        4       0
                text15                             107E     107E       26        4       0
                text14                             1100     1100        C        4       0
                text13                              F42      F42       70        4       0
                text12                             10C4     10C4       1A        4       0
                text11                              FB2      FB2       68        4       0
                text10                              D5E      D5E       B6        4       0
                text9                               C9A      C9A       C4        4       0
                text8                               E14      E14       B0        4       0
                text7                               B48      B48      152        4       0
                text6                               4B4      4B4      3B8        4       0
                text5                              101A     101A       64        4       0
                text4                               EC4      EC4       7E        4       0
                text3                                5E       5E      456        4       0
                text2                              10A4     10A4       20        4       0
                text1                               9E6      9E6      162        4       0
                text0                               86C      86C      17A        4       0
                cstackCOMRAM                          1        1       4C        1       1
                bssCOMRAM                            4D       4D        2        1       1
                cinit                              10F2     10F2        E        4       0

TOTAL           Name                               Link     Load   Length     Space
        CLASS   STACK          

        CLASS   CODE           
                intcode                               8        8       52         0
                init                                 5A       5A        4         0
                reset_vec                             0        0        4         0
                text16                             10DE     10DE       14         0
                text15                             107E     107E       26         0
                text14                             1100     1100        C         0
                text13                              F42      F42       70         0
                text12                             10C4     10C4       1A         0
                text11                              FB2      FB2       68         0
                text10                              D5E      D5E       B6         0
                text9                               C9A      C9A       C4         0
                text8                               E14      E14       B0         0
                text7                               B48      B48      152         0
                text6                               4B4      4B4      3B8         0
                text5                              101A     101A       64         0
                text4                               EC4      EC4       7E         0
                text3                                5E       5E      456         0
                text2                              10A4     10A4       20         0
                text1                               9E6      9E6      162         0
                text0                               86C      86C      17A         0
                cinit                              10F2     10F2        E         0

        CLASS   CONST          

        CLASS   SMALLCONST     

        CLASS   MEDIUMCONST    

        CLASS   COMRAM         
                temp                                 4F       4F        1         1
                cstackCOMRAM                          1        1       4C         1
                bssCOMRAM                            4D       4D        2         1

        CLASS   ABS1           

        CLASS   BIGRAM         

        CLASS   RAM            

        CLASS   BANK0          

        CLASS   BANK1          

        CLASS   BANK2          

        CLASS   BANK3          

        CLASS   BANK4          

        CLASS   BANK5          

        CLASS   BANK6          

        CLASS   BANK7          

        CLASS   BANK8          

        CLASS   BANK9          

        CLASS   BANK10         

        CLASS   BANK11         

        CLASS   BANK12         

        CLASS   BANK13         

        CLASS   SFR            

        CLASS   CONFIG         
                config                           300000   300000        C         4

        CLASS   IDLOC          
                idloc                            200000   200000       10         5

        CLASS   EEDATA         

        CLASS   FARRAM         



SEGMENTS        Name                           Load    Length   Top    Selector   Space  Class

                reset_vec                      000000  000004  000004         0       0  CODE    
                cstackCOMRAM                   000001  00004F  000050         1       1  COMRAM  
                intcode                        000008  001104  00110C         4       0  CODE    


UNUSED ADDRESS RANGES

        Name                Unused          Largest block    Delta
        BANK0            000060-0000FF               A0
        BANK1            000100-0001FF              100
        BANK10           000A00-000AFF              100
        BANK11           000B00-000BFF              100
        BANK12           000C00-000CFF              100
        BANK13           000D00-000DE9               EA
        BANK2            000200-0002FF              100
        BANK3            000300-0003FF              100
        BANK4            000400-0004FF              100
        BANK5            000500-0005FF              100
        BANK6            000600-0006FF              100
        BANK7            000700-0007FF              100
        BANK8            000800-0008FF              100
        BANK9            000900-0009FF              100
        BIGRAM           000050-000DE9              D9A
        CODE             000004-000007                4
                         00110C-01FFFF            1EEF4
        COMRAM           000050-00005F               10
        CONST            000004-000007                4
                         00110C-01FFFF            1EEF4
        EEDATA           310000-3103FF              400
        MEDIUMCONST      00110C-00FFFF             EEF4
                         010E00-01FFFF             F200
        RAM              000060-000DE9              100
        SFR              000DEF-000FFF              100
        SMALLCONST       00110C-01FFFF              100
        STACK            000060-000DE9              D8A

                                  Symbol Table

?_TimeDiff                              cstackCOMRAM 000001
?___awdiv                               cstackCOMRAM 00000A
?___awmod                               cstackCOMRAM 000001
?___lwmod                               cstackCOMRAM 000001
LEDarray_disp_bin@number                cstackCOMRAM 000001
LeapYear@leapyear                       cstackCOMRAM 00000A
LeapYear@year                           cstackCOMRAM 000006
SmallHours@hour                         cstackCOMRAM 000001
SmallHours@minute                       cstackCOMRAM 000003
SunPleaseFixTheDamnClock@DST            cstackCOMRAM 000030
SunPleaseFixTheDamnClock@avghour        cstackCOMRAM 000035
SunPleaseFixTheDamnClock@avgminute      cstackCOMRAM 000037
SunPleaseFixTheDamnClock@pdawnhour      cstackCOMRAM 000024
SunPleaseFixTheDamnClock@pdawnminute    cstackCOMRAM 000026
SunPleaseFixTheDamnClock@pduskhour      cstackCOMRAM 000028
SunPleaseFixTheDamnClock@pduskminute    cstackCOMRAM 00002A
SunPleaseFixTheDamnClock@phour          cstackCOMRAM 00002C
SunPleaseFixTheDamnClock@pminute        cstackCOMRAM 00002E
SunPleaseFixTheDamnClock@timedifference cstackCOMRAM 000039
TimeAvg@HalfTimeDiff                    cstackCOMRAM 000022
TimeAvg@hour1                           cstackCOMRAM 000012
TimeAvg@hour2                           cstackCOMRAM 000016
TimeAvg@minute1                         cstackCOMRAM 000014
TimeAvg@minute2                         cstackCOMRAM 000018
TimeAvg@pavghour                        cstackCOMRAM 00001A
TimeAvg@pavgminute                      cstackCOMRAM 00001C
TimeDiff@hour1                          cstackCOMRAM 000001
TimeDiff@hour2                          cstackCOMRAM 000005
TimeDiff@minute1                        cstackCOMRAM 000003
TimeDiff@minute2                        cstackCOMRAM 000007
Timekeeper@pDST                         cstackCOMRAM 000017
Timekeeper@pday                         cstackCOMRAM 00000F
Timekeeper@pdayofweek                   cstackCOMRAM 000015
Timekeeper@phour                        cstackCOMRAM 000011
Timekeeper@pminute                      cstackCOMRAM 000013
Timekeeper@pmonth                       cstackCOMRAM 00000D
Timekeeper@pyear                        cstackCOMRAM 00000B
UpdateDawnDusk@DST                      cstackCOMRAM 00000D
UpdateDawnDusk@pdawnhour                cstackCOMRAM 000001
UpdateDawnDusk@pdawnminute              cstackCOMRAM 000003
UpdateDawnDusk@pduskhour                cstackCOMRAM 000005
UpdateDawnDusk@pduskminute              cstackCOMRAM 000007
UpdateDawnDusk@phour                    cstackCOMRAM 000009
UpdateDawnDusk@pminute                  cstackCOMRAM 00000B
_CM1CON0bits                            (abs)        000ED0
_CM1CON1bits                            (abs)        000ED1
_CM1NCHbits                             (abs)        000ED2
_CM1PCHbits                             (abs)        000ED3
_Comp1_init                             text15       00107E
_DAC1CON0bits                           (abs)        000EC6
_DAC1CON1bits                           (abs)        000EC7
_DAC_init                               text16       0010DE
_INTCONbits                             (abs)        000FF2
_ISR                                    intcode      000008
_Interrupts_init                        text14       001100
_LATAbits                               (abs)        000F79
_LATFbits                               (abs)        000F7E
_LATGbits                               (abs)        000F7F
_LATHbits                               (abs)        000F80
_LEDarray_disp_bin                      text13       000F42
_LeapYear                               text4        000EC4
_Lights_init                            text12       0010C4
_PIE0bits                               (abs)        000E29
_PIE2bits                               (abs)        000E2B
_PIR0bits                               (abs)        000E33
_PIR2bits                               (abs)        000E35
_SmallHours                             text11       000FB2
_SunPleaseFixTheDamnClock               text6        0004B4
_T0CON0bits                             (abs)        000FD5
_T0CON1bits                             (abs)        000FD6
_TMR0H                                  (abs)        000FD4
_TMR0L                                  (abs)        000FD3
_TRISAbits                              (abs)        000F81
_TRISFbits                              (abs)        000F86
_TRISGbits                              (abs)        000F87
_TRISHbits                              (abs)        000F88
_TimeAvg                                text7        000B48
_TimeDiff                               text10       000D5E
_Timekeeper                             text3        00005E
_Timer0_init                            text2        0010A4
_UpdateDawnDusk                         text1        0009E6
__HRAM                                  (abs)        000000
__Habs1                                 abs1         000000
__Hbank0                                bank0        000000
__Hbank1                                bank1        000000
__Hbank10                               bank10       000000
__Hbank11                               bank11       000000
__Hbank12                               bank12       000000
__Hbank13                               bank13       000000
__Hbank2                                bank2        000000
__Hbank3                                bank3        000000
__Hbank4                                bank4        000000
__Hbank5                                bank5        000000
__Hbank6                                bank6        000000
__Hbank7                                bank7        000000
__Hbank8                                bank8        000000
__Hbank9                                bank9        000000
__Hbigbss                               bigbss       000000
__Hbigdata                              bigdata      000000
__Hbigram                               bigram       000000
__Hbss                                  bss          000000
__HbssCOMRAM                            bssCOMRAM    000000
__Hcinit                                cinit        000000
__Hclrtext                              clrtext      000000
__Hcomram                               comram       000000
__Hconfig                               config       30000C
__Hconst                                const        000000
__HcstackCOMRAM                         cstackCOMRAM 000000
__Hdata                                 data         000000
__Heeprom_data                          eeprom_data  000000
__Hfarbss                               farbss       000000
__Hfardata                              fardata      000000
__Hibigdata                             ibigdata     000000
__Hidata                                idata        000000
__Hidloc                                idloc        200010
__Hifardata                             ifardata     000000
__Hinit                                 init         00005E
__Hintcode                              intcode      00005A
__Hintcode_body                         intcode_body 000000
__Hintcodelo                            intcodelo    00005A
__Hintentry                             intentry     000000
__Hintret                               intret       000000
__Hintsave_regs                         intsave_regs 000000
__Hirdata                               irdata       000000
__Hmediumconst                          mediumconst  000000
__HnvFARRAM                             nvFARRAM     000000
__Hnvbit                                nvbit        000000
__Hnvrram                               nvrram       000000
__Hparam                                rparam       000000
__Hpowerup                              powerup      00005A
__Hram                                  ram          000000
__Hramtop                               ramtop       000E00
__Hrbit                                 rbit         000000
__Hrbss                                 rbss         000000
__Hrdata                                rdata        000000
__Hreset_vec                            reset_vec    000004
__Hrparam                               rparam       000000
__Hsfr                                  sfr          000000
__Hsmallconst                           smallconst   000000
__Hspace_0                              (abs)        00110C
__Hspace_1                              (abs)        000050
__Hspace_2                              (abs)        000000
__Hspace_4                              (abs)        60000C
__Hstack                                stack        000000
__Hstruct                               struct       000000
__Htemp                                 temp         000050
__Htext                                 text         000000
__Htext0                                text0        000000
__Htext1                                text1        000000
__Htext10                               text10       000000
__Htext11                               text11       000000
__Htext12                               text12       000000
__Htext13                               text13       000000
__Htext14                               text14       000000
__Htext15                               text15       000000
__Htext16                               text16       000000
__Htext2                                text2        000000
__Htext3                                text3        000000
__Htext4                                text4        000000
__Htext5                                text5        000000
__Htext6                                text6        000000
__Htext7                                text7        000000
__Htext8                                text8        000000
__Htext9                                text9        000000
__LRAM                                  (abs)        000001
__Labs1                                 abs1         000000
__Lbank0                                bank0        000000
__Lbank1                                bank1        000000
__Lbank10                               bank10       000000
__Lbank11                               bank11       000000
__Lbank12                               bank12       000000
__Lbank13                               bank13       000000
__Lbank2                                bank2        000000
__Lbank3                                bank3        000000
__Lbank4                                bank4        000000
__Lbank5                                bank5        000000
__Lbank6                                bank6        000000
__Lbank7                                bank7        000000
__Lbank8                                bank8        000000
__Lbank9                                bank9        000000
__Lbigbss                               bigbss       000000
__Lbigdata                              bigdata      000000
__Lbigram                               bigram       000000
__Lbss                                  bss          000000
__LbssCOMRAM                            bssCOMRAM    000000
__Lcinit                                cinit        000000
__Lclrtext                              clrtext      000000
__Lcomram                               comram       000000
__Lconfig                               config       000000
__Lconst                                const        000000
__LcstackCOMRAM                         cstackCOMRAM 000000
__Ldata                                 data         000000
__Leeprom_data                          eeprom_data  000000
__Lfarbss                               farbss       000000
__Lfardata                              fardata      000000
__Libigdata                             ibigdata     000000
__Lidata                                idata        000000
__Lidloc                                idloc        000000
__Lifardata                             ifardata     000000
__Linit                                 init         00005A
__Lintcode                              intcode      000008
__Lintcode_body                         intcode_body 000000
__Lintcodelo                            intcodelo    00005A
__Lintentry                             intentry     000000
__Lintret                               intret       000000
__Lintsave_regs                         intsave_regs 000000
__Lirdata                               irdata       000000
__Lmediumconst                          mediumconst  000000
__LnvFARRAM                             nvFARRAM     000000
__Lnvbit                                nvbit        000000
__Lnvrram                               nvrram       000000
__Lparam                                rparam       000000
__Lpowerup                              powerup      00005A
__Lram                                  ram          000000
__Lramtop                               ramtop       000E00
__Lrbit                                 rbit         000000
__Lrbss                                 rbss         000000
__Lrdata                                rdata        000000
__Lreset_vec                            reset_vec    000000
__Lrparam                               rparam       000000
__Lsfr                                  sfr          000000
__Lsmallconst                           smallconst   000000
__Lspace_0                              (abs)        000000
__Lspace_1                              (abs)        000000
__Lspace_2                              (abs)        000000
__Lspace_4                              (abs)        000000
__Lstack                                stack        000000
__Lstruct                               struct       000000
__Ltemp                                 temp         00004F
__Ltext                                 text         000000
__Ltext0                                text0        000000
__Ltext1                                text1        000000
__Ltext10                               text10       000000
__Ltext11                               text11       000000
__Ltext12                               text12       000000
__Ltext13                               text13       000000
__Ltext14                               text14       000000
__Ltext15                               text15       000000
__Ltext16                               text16       000000
__Ltext2                                text2        000000
__Ltext3                                text3        000000
__Ltext4                                text4        000000
__Ltext5                                text5        000000
__Ltext6                                text6        000000
__Ltext7                                text7        000000
__Ltext8                                text8        000000
__Ltext9                                text9        000000
__S0                                    (abs)        00110C
__S1                                    (abs)        000050
__S2                                    (abs)        000000
__S4                                    (abs)        000000
__S5                                    (abs)        000000
___awdiv                                text9        000C9A
___awdiv@counter                        cstackCOMRAM 00000E
___awdiv@dividend                       cstackCOMRAM 00000A
___awdiv@divisor                        cstackCOMRAM 00000C
___awdiv@quotient                       cstackCOMRAM 000010
___awdiv@sign                           cstackCOMRAM 00000F
___awmod                                text8        000E14
___awmod@counter                        cstackCOMRAM 000005
___awmod@dividend                       cstackCOMRAM 000001
___awmod@divisor                        cstackCOMRAM 000003
___awmod@sign                           cstackCOMRAM 000006
___inthi_sp                             stack        000000
___intlo_sp                             stack        000000
___lwmod                                text5        00101A
___lwmod@counter                        cstackCOMRAM 000005
___lwmod@dividend                       cstackCOMRAM 000001
___lwmod@divisor                        cstackCOMRAM 000003
___param_bank                           (abs)        000000
___rparam_used                          (abs)        000001
___sp                                   stack        000000
__accesstop                             (abs)        000060
__activetblptr                          (abs)        000000
__end_of_Comp1_init                     text15       0010A4
__end_of_DAC_init                       text16       0010F2
__end_of_ISR                            intcode      00005A
__end_of_Interrupts_init                text14       00110C
__end_of_LEDarray_disp_bin              text13       000FB2
__end_of_LeapYear                       text4        000F42
__end_of_Lights_init                    text12       0010DE
__end_of_SmallHours                     text11       00101A
__end_of_SunPleaseFixTheDamnClock       text6        00086C
__end_of_TimeAvg                        text7        000C9A
__end_of_TimeDiff                       text10       000E14
__end_of_Timekeeper                     text3        0004B4
__end_of_Timer0_init                    text2        0010C4
__end_of_UpdateDawnDusk                 text1        000B48
__end_of___awdiv                        text9        000D5E
__end_of___awmod                        text8        000EC4
__end_of___lwmod                        text5        00107E
__end_of__initialization                cinit        0010F6
__end_of_main                           text0        0009E6
__initialization                        cinit        0010F2
__mediumconst                           mediumconst  000000
__pbssCOMRAM                            bssCOMRAM    00004D
__pcinit                                cinit        0010F2
__pcstackCOMRAM                         cstackCOMRAM 000001
__pintcode                              intcode      000008
__ptext0                                text0        00086C
__ptext1                                text1        0009E6
__ptext10                               text10       000D5E
__ptext11                               text11       000FB2
__ptext12                               text12       0010C4
__ptext13                               text13       000F42
__ptext14                               text14       001100
__ptext15                               text15       00107E
__ptext16                               text16       0010DE
__ptext2                                text2        0010A4
__ptext3                                text3        00005E
__ptext4                                text4        000EC4
__ptext5                                text5        00101A
__ptext6                                text6        0004B4
__ptext7                                text7        000B48
__ptext8                                text8        000E14
__ptext9                                text9        000C9A
__ramtop                                ramtop       000E00
__size_of_Comp1_init                    (abs)        000000
__size_of_DAC_init                      (abs)        000000
__size_of_ISR                           (abs)        000000
__size_of_Interrupts_init               (abs)        000000
__size_of_LEDarray_disp_bin             (abs)        000000
__size_of_LeapYear                      (abs)        000000
__size_of_Lights_init                   (abs)        000000
__size_of_SmallHours                    (abs)        000000
__size_of_SunPleaseFixTheDamnClock      (abs)        000000
__size_of_TimeAvg                       (abs)        000000
__size_of_TimeDiff                      (abs)        000000
__size_of_Timekeeper                    (abs)        000000
__size_of_Timer0_init                   (abs)        000000
__size_of_UpdateDawnDusk                (abs)        000000
__size_of___awdiv                       (abs)        000000
__size_of___awmod                       (abs)        000000
__size_of___lwmod                       (abs)        000000
__size_of_main                          (abs)        000000
__smallconst                            smallconst   000000
_dawndusk                               bssCOMRAM    00004D
_main                                   text0        00086C
_minutehand                             bssCOMRAM    00004E
btemp                                   temp         00004F
end_of_initialization                   cinit        0010F6
int$flags                               temp         00004F
intlevel0                               text         000000
intlevel1                               text         000000
intlevel2                               text         000000
intlevel3                               text         000000
isa$std                                 (abs)        000001
isa$xinst                               (abs)        000000
main@DST                                cstackCOMRAM 00003E
main@dawnhour                           cstackCOMRAM 00003F
main@dawnminute                         cstackCOMRAM 000044
main@day                                cstackCOMRAM 000043
main@dayofweek                          cstackCOMRAM 00003D
main@duskhour                           cstackCOMRAM 000041
main@duskminute                         cstackCOMRAM 000046
main@hour                               cstackCOMRAM 00004B
main@minute                             cstackCOMRAM 000049
main@month                              cstackCOMRAM 000048
main@year                               cstackCOMRAM 00003B
stackhi                                 (abs)        000DE9
stacklo                                 (abs)        000060
start                                   init         00005A
start_initialization                    cinit        0010F2
ttemp5                                  temp         000050
ttemp6                                  temp         000053
ttemp7                                  temp         000057
wtemp8                                  temp         000050


MODULE INFORMATION

Module		Function		Class		Link	Load	Size
C:\Program Files\Microchip\xc8\v2.32\pic\sources\c99\common\awdiv.c
		___awdiv       		CODE           	0C9A	0000	196

C:\Program Files\Microchip\xc8\v2.32\pic\sources\c99\common\awdiv.c estimated size: 196

lights.c
		_Lights_init   		CODE           	10C4	0000	26
		_LEDarray_disp_bin		CODE           	0F42	0000	112
		_SmallHours    		CODE           	0FB2	0000	104

lights.c estimated size: 242

timers.c
		_Timer0_init   		CODE           	10A4	0000	32
		_TimeAvg       		CODE           	0B48	0000	338
		_Timekeeper    		CODE           	005E	0000	1110
		_TimeDiff      		CODE           	0D5E	0000	182
		_LeapYear      		CODE           	0EC4	0000	126
		_SunPleaseFixTheDamnClock		CODE           	04B4	0000	952
		_UpdateDawnDusk		CODE           	09E6	0000	354

timers.c estimated size: 3094

interrupts.c
		_ISR           		CODE           	0008	0000	82
		_Interrupts_init		CODE           	1100	0000	12

interrupts.c estimated size: 94

comparator.c
		_DAC_init      		CODE           	10DE	0000	20
		_Comp1_init    		CODE           	107E	0000	38

comparator.c estimated size: 58

C:\Program Files\Microchip\xc8\v2.32\pic\sources\c99\common\lwmod.c
		___lwmod       		CODE           	101A	0000	100

C:\Program Files\Microchip\xc8\v2.32\pic\sources\c99\common\lwmod.c estimated size: 100

shared
		__initialization		CODE           	10F2	0000	4

shared estimated size: 4

C:\Program Files\Microchip\xc8\v2.32\pic\sources\c99\common\awmod.c
		___awmod       		CODE           	0E14	0000	176

C:\Program Files\Microchip\xc8\v2.32\pic\sources\c99\common\awmod.c estimated size: 176

main.c
		_main          		CODE           	086C	0000	378

main.c estimated size: 378

